{"logTime": "0801/090521", "correlationVector":"oXZK0FOmX6oBye4xFEBuQx.1","action":"SyncServerConnectionManagerRequest", "result":"SYNC_SERVER_OK", "context":{"environment":"Prod_southindia_prod-s01-004-apac-southindia", "migrationStage":"NotStarted", "server":"akswtt0140000c0"}}
{"logTime": "0801/090521", "correlationVector":"oXZK0FOmX6oBye4xFEBuQx.2","action":"ProcessGetUpdates", "result":"Done", "context":{"dataType":"Encryption Keys", "deleted":"0", "process_failed_to_decrypt":"0", "process_pending_decryption":"0", "process_success":"1", "total":"1"}}
{"logTime": "0801/090522", "correlationVector":"tai/bf72C7H9e9DIMN1WaO","action":"SyncServerConnectionManagerRequest", "result":"SYNC_SERVER_OK", "context":{"environment":"", "migrationStage":"", "server":""}}
{"logTime": "0801/090522", "correlationVector":"tai/bf72C7H9e9DIMN1WaO.0","action":"EncryptionKeysFetcher.DownloadKeys:", "result":"Success", "context":Key count: 3, Last key timestamp: 2025-04-03T19:59:03Z}
{"logTime": "0801/090522", "correlationVector":"tai/bf72C7H9e9DIMN1WaO.1","action":"EncryptionKeysManager::SetEncryptionKeys:", "result":"Success", "context":Key names[3]:[C37RKy+pGKaALXhMs7DqJXcbqVWJ83crpRlYnFNqVTWElb5/7ZEHjbrNOQ+uK5ZqAn9bReyFUHfQvNpuI1jzPA==][p6J8E4hFlljw/FpVeHoOdXtjHNe3zelLCmE77R+IdemexwZZ9YclRvgTxf3TJochxk3KANgZFiDkTVG9pl+yrQ==][G6mMzCirS6WeJRMI/Hr+IlvROXWeu3ry9UlvswwCY5tsmMQl0Yyk652UdndyC3j+2WTbKLPK7ZHn7mJ10eocvw==]}
{"logTime": "0801/090522", "correlationVector":"tai/bf72C7H9e9DIMN1WaO.2","action":"EncryptionKeysManager::SetEncryptionKeysWithTimestamps:", "result":"Success", "context":Key timestamps[3]:[2024-04-07T14:44:57Z][2024-10-05T15:08:59Z][2025-04-03T19:59:03Z]}
{"logTime": "0801/090522", "correlationVector":"oXZK0FOmX6oBye4xFEBuQx","action":"Initial GetUpdates", "result":"", "context":Reason: NEW_CLIENT. cV=oXZK0FOmX6oBye4xFEBuQx}
{"logTime": "0801/090522", "correlationVector":"oXZK0FOmX6oBye4xFEBuQx.3","action":"GetUpdates Response", "result":"Success", "context":Received 1 update(s). cV=oXZK0FOmX6oBye4xFEBuQx.0;server=akswtt0140000c0;cloudType=Consumer;environment=Prod_southindia_prod-s01-004-apac-southindia;migrationStage=NotStarted}
{"logTime": "0801/090522", "correlationVector":"IJYSfwj3xRybPhqBQn8R+4","action":"Initial GetUpdates", "result":"", "context":Reason: NEWLY_SUPPORTED_DATATYPE. cV=IJYSfwj3xRybPhqBQn8R+4}
{"logTime": "0801/090522", "correlationVector":"IJYSfwj3xRybPhqBQn8R+4.1","action":"SyncServerConnectionManagerRequest", "result":"SYNC_SERVER_OK", "context":{"environment":"Prod_southindia_prod-s01-004-apac-southindia", "migrationStage":"NotStarted", "server":"akswtt01400004g"}}
{"logTime": "0801/090522", "correlationVector":"IJYSfwj3xRybPhqBQn8R+4.2","action":"ProcessGetUpdates", "result":"Done", "context":{"dataType":"Preferences", "deleted":"0", "process_failed_to_decrypt":"0", "process_pending_decryption":"0", "process_success":"60", "total":"60"}}
{"logTime": "0801/090522", "correlationVector":"IJYSfwj3xRybPhqBQn8R+4.3","action":"ProcessGetUpdates", "result":"Done", "context":{"dataType":"Passwords", "deleted":"0", "process_failed_to_decrypt":"0", "process_pending_decryption":"0", "process_success":"3", "total":"3"}}
{"logTime": "0801/090522", "correlationVector":"IJYSfwj3xRybPhqBQn8R+4.4","action":"ProcessGetUpdates", "result":"Done", "context":{"dataType":"Device Info", "deleted":"0", "process_failed_to_decrypt":"0", "process_pending_decryption":"0", "process_success":"5", "total":"5"}}
{"logTime": "0801/090522", "correlationVector":"IJYSfwj3xRybPhqBQn8R+4.5","action":"GetUpdates Response", "result":"Success", "context":Received 68 update(s). cV=IJYSfwj3xRybPhqBQn8R+4.0;server=akswtt01400004g;cloudType=Consumer;environment=Prod_southindia_prod-s01-004-apac-southindia;migrationStage=NotStarted}
{"logTime": "0801/090522", "correlationVector":"9LkLdIdFPPCe7iIWkRlPMu","action":"Initial GetUpdates", "result":"", "context":Reason: NEWLY_SUPPORTED_DATATYPE. cV=9LkLdIdFPPCe7iIWkRlPMu}
{"logTime": "0801/090523", "correlationVector":"9LkLdIdFPPCe7iIWkRlPMu.1","action":"SyncServerConnectionManagerRequest", "result":"SYNC_SERVER_OK", "context":{"environment":"Prod_southindia_prod-s01-004-apac-southindia", "migrationStage":"NotStarted", "server":"akswtt0140000a6"}}
{"logTime": "0801/090523", "correlationVector":"9LkLdIdFPPCe7iIWkRlPMu.2","action":"ProcessGetUpdates", "result":"Done", "context":{"dataType":"Bookmarks", "deleted":"0", "process_failed_to_decrypt":"0", "process_pending_decryption":"0", "process_success":"6", "total":"6"}}
{"logTime": "0801/090523", "correlationVector":"9LkLdIdFPPCe7iIWkRlPMu.3","action":"GetUpdates Response", "result":"Success", "context":Received 6 update(s). cV=9LkLdIdFPPCe7iIWkRlPMu.0;server=akswtt0140000a6;cloudType=Consumer;environment=Prod_southindia_prod-s01-004-apac-southindia;migrationStage=NotStarted}
{"logTime": "0801/090523", "correlationVector":"XbFeuzA6WOW7XHwXleKuz3","action":"Initial GetUpdates", "result":"", "context":Reason: NEWLY_SUPPORTED_DATATYPE. cV=XbFeuzA6WOW7XHwXleKuz3}
{"logTime": "0801/090523", "correlationVector":"XbFeuzA6WOW7XHwXleKuz3.1","action":"SyncServerConnectionManagerRequest", "result":"SYNC_SERVER_OK", "context":{"environment":"Prod_southindia_prod-s01-004-apac-southindia", "migrationStage":"NotStarted", "server":"akswtt0140000cb"}}
{"logTime": "0801/090523", "correlationVector":"XbFeuzA6WOW7XHwXleKuz3.2","action":"ProcessGetUpdates", "result":"Done", "context":{"dataType":"Autofill Profiles", "deleted":"0", "process_failed_to_decrypt":"0", "process_pending_decryption":"0", "process_success":"2", "total":"2"}}
{"logTime": "0801/090523", "correlationVector":"XbFeuzA6WOW7XHwXleKuz3.3","action":"ProcessGetUpdates", "result":"Done", "context":{"dataType":"Autofill", "deleted":"0", "process_failed_to_decrypt":"0", "process_pending_decryption":"0", "process_success":"5", "total":"5"}}
{"logTime": "0801/090523", "correlationVector":"XbFeuzA6WOW7XHwXleKuz3.4","action":"ProcessGetUpdates", "result":"Done", "context":{"dataType":"Sessions", "deleted":"22", "process_failed_to_decrypt":"0", "process_pending_decryption":"0", "process_success":"25", "total":"25"}}
{"logTime": "0801/090523", "correlationVector":"XbFeuzA6WOW7XHwXleKuz3.5","action":"ProcessGetUpdates", "result":"Done", "context":{"dataType":"Edge Hub App Usage", "deleted":"5", "process_failed_to_decrypt":"0", "process_pending_decryption":"0", "process_success":"8", "total":"8"}}
{"logTime": "0801/090523", "correlationVector":"XbFeuzA6WOW7XHwXleKuz3.6","action":"GetUpdates Response", "result":"Success", "context":Received 40 update(s). cV=XbFeuzA6WOW7XHwXleKuz3.0;server=akswtt0140000cb;cloudType=Consumer;environment=Prod_southindia_prod-s01-004-apac-southindia;migrationStage=NotStarted}
{"logTime": "0801/090523", "correlationVector":"ZLovtS5qzUrNb57o13RIzP","action":"Initial GetUpdates", "result":"", "context":Reason: NEWLY_SUPPORTED_DATATYPE. cV=ZLovtS5qzUrNb57o13RIzP}
{"logTime": "0801/090523", "correlationVector":"ZLovtS5qzUrNb57o13RIzP.1","action":"SyncServerConnectionManagerRequest", "result":"SYNC_SERVER_OK", "context":{"environment":"Prod_southindia_prod-s01-004-apac-southindia", "migrationStage":"NotStarted", "server":"akswtt01400004g"}}
{"logTime": "0801/090523", "correlationVector":"ZLovtS5qzUrNb57o13RIzP.2","action":"ProcessGetUpdates", "result":"Done", "context":{"dataType":"History", "deleted":"0", "process_failed_to_decrypt":"0", "process_pending_decryption":"0", "process_success":"29", "total":"29"}}
{"logTime": "0801/090523", "correlationVector":"ZLovtS5qzUrNb57o13RIzP.3","action":"GetUpdates Response", "result":"Success", "context":Received 29 update(s). cV=ZLovtS5qzUrNb57o13RIzP.0;server=akswtt01400004g;cloudType=Consumer;environment=Prod_southindia_prod-s01-004-apac-southindia;migrationStage=NotStarted}
{"logTime": "0801/090523", "correlationVector":"BudjaQ4cIAfAJjWlT0d9rO","action":"Normal GetUpdate request", "result":"", "context":cV=BudjaQ4cIAfAJjWlT0d9rO
Nudged types: Sessions, Device Info, User Consents
Refresh requested types: Bookmarks, Preferences, Passwords, Autofill Profiles, Autofill, Extensions, Sessions, Extension settings, History Delete Directives, Device Info, User Consents, Send Tab To Self, Web Apps, History, Saved Tab Group, WebAuthn Credentials, Collection, Edge E Drop, Edge Hub App Usage, Edge Wallet, Encryption Keys}
{"logTime": "0801/090524", "correlationVector":"BudjaQ4cIAfAJjWlT0d9rO.1","action":"SyncServerConnectionManagerRequest", "result":"SYNC_SERVER_OK", "context":{"environment":"Prod_southindia_prod-s01-004-apac-southindia", "migrationStage":"NotStarted", "server":"akswtt01400007m"}}
{"logTime": "0801/090524", "correlationVector":"BudjaQ4cIAfAJjWlT0d9rO.2","action":"GetUpdates Response", "result":"Success", "context":Received 0 update(s). cV=BudjaQ4cIAfAJjWlT0d9rO.0;server=akswtt01400007m;cloudType=Consumer;environment=Prod_southindia_prod-s01-004-apac-southindia;migrationStage=NotStarted}
{"logTime": "0801/090524", "correlationVector":"ziGNRcsLu7NfjcBjHbDzVX","action":"DoCompareDataConsistency requsted types: ", "result":"Bookmarks, Preferences, Passwords, Extensions, Extension settings, History Delete Directives, Send Tab To Self, Web Apps, History, Saved Tab Group, WebAuthn Credentials, Collection, Edge E Drop, Edge Wallet, Encryption Keys"}
{"logTime": "0801/090524", "correlationVector":"ziGNRcsLu7NfjcBjHbDzVX.0","action":"CompareDataConsistency result: ", "result":"Compare result: Encryption Keys is consistent. local entities count is: 1 local entities hash is: WhS6MiQ6MhC8l52utuoXS2PGw14="}
{"logTime": "0801/090524", "correlationVector":"ziGNRcsLu7NfjcBjHbDzVX.1","action":"CompareDataConsistency result: ", "result":"Compare result: Bookmarks is consistent. local entities count is: 1 local entities hash is: 51ZaUYXq4zahcOTrranygvxZRqw="}
{"logTime": "0801/090524", "correlationVector":"ziGNRcsLu7NfjcBjHbDzVX.2","action":"CompareDataConsistency result: ", "result":"Compare result: Preferences is consistent. local entities count is: 60 local entities hash is: yeYk3WjNns/ej7dAICEcQThyqeE="}
{"logTime": "0801/090524", "correlationVector":"ziGNRcsLu7NfjcBjHbDzVX.3","action":"CompareDataConsistency result: ", "result":"Compare result: Extensions is consistent. local entities count is: 0 local entities hash is: "}
{"logTime": "0801/090524", "correlationVector":"ziGNRcsLu7NfjcBjHbDzVX.4","action":"CompareDataConsistency result: ", "result":"Compare result: Extension settings is consistent. local entities count is: 0 local entities hash is: "}
{"logTime": "0801/090524", "correlationVector":"ziGNRcsLu7NfjcBjHbDzVX.5","action":"CompareDataConsistency result: ", "result":"Compare result: History Delete Directives is consistent. local entities count is: 0 local entities hash is: "}
{"logTime": "0801/090524", "correlationVector":"ziGNRcsLu7NfjcBjHbDzVX.6","action":"CompareDataConsistency result: ", "result":"Server did not send this Send Tab To Self local entities count is: 0 local entities hash is: "}
{"logTime": "0801/090524", "correlationVector":"ziGNRcsLu7NfjcBjHbDzVX.7","action":"CompareDataConsistency result: ", "result":"Compare result: Web Apps is consistent. local entities count is: 0 local entities hash is: "}
{"logTime": "0801/090524", "correlationVector":"ziGNRcsLu7NfjcBjHbDzVX.8","action":"CompareDataConsistency result: ", "result":"Server did not send this History local entities count is: 0 local entities hash is: "}
{"logTime": "0801/090524", "correlationVector":"ziGNRcsLu7NfjcBjHbDzVX.9","action":"CompareDataConsistency result: ", "result":"Compare result: Saved Tab Group is consistent. local entities count is: 0 local entities hash is: "}
{"logTime": "0801/090524", "correlationVector":"ziGNRcsLu7NfjcBjHbDzVX.10","action":"CompareDataConsistency result: ", "result":"Server did not send this WebAuthn Credentials local entities count is: 0 local entities hash is: "}
{"logTime": "0801/090524", "correlationVector":"ziGNRcsLu7NfjcBjHbDzVX.11","action":"CompareDataConsistency result: ", "result":"Compare result: Collection is consistent. local entities count is: 0 local entities hash is: "}
{"logTime": "0801/090524", "correlationVector":"ziGNRcsLu7NfjcBjHbDzVX.12","action":"CompareDataConsistency result: ", "result":"Compare result: Edge E Drop is consistent. local entities count is: 0 local entities hash is: "}
{"logTime": "0801/090524", "correlationVector":"ziGNRcsLu7NfjcBjHbDzVX.13","action":"CompareDataConsistency result: ", "result":"Compare result: Edge Wallet is consistent. local entities count is: 0 local entities hash is: "}
{"logTime": "0801/090524", "correlationVector":"ziGNRcsLu7NfjcBjHbDzVX.14","action":"CompareDataConsistency result: ", "result":"Compare result: Passwords is consistent. local entities count is: 3 local entities hash is: Bsl07sF2T6UD7uMrYjFPLFgywbw="}
{"logTime": "0801/090524", "correlationVector":"fUAPcwuAvSU9FR6VB48awN","action":"Commit Request", "result":"", "context":Item count: 5
Contributing types: Sessions, Device Info, User Consents}
{"logTime": "0801/090525", "correlationVector":"fUAPcwuAvSU9FR6VB48awN.1","action":"SyncServerConnectionManagerRequest", "result":"SYNC_SERVER_OK", "context":{"environment":"Prod_southindia_prod-s01-004-apac-southindia", "migrationStage":"NotStarted", "server":"akswtt01400000s"}}
{"logTime": "0801/090525", "correlationVector":"fUAPcwuAvSU9FR6VB48awN.2","action":"Commit Response", "result":"Success", "context":Result: Success. cV=fUAPcwuAvSU9FR6VB48awN.0;server=akswtt01400000s;cloudType=Consumer;environment=Prod_southindia_prod-s01-004-apac-southindia;migrationStage=NotStarted}
{"logTime": "0801/090525", "correlationVector":"","action":"DIAGNOSTIC_REQUEST|v1/diagnosticData/Diagnostic.SendCheckResult()|SUCCESS", "result":""}
{"logTime": "0801/090525", "correlationVector":"EXzGcayw2KT4H5fungjBQQ","action":"Commit Request", "result":"", "context":Item count: 1
Contributing types: Sessions}
{"logTime": "0801/090525", "correlationVector":"EXzGcayw2KT4H5fungjBQQ.1","action":"SyncServerConnectionManagerRequest", "result":"SYNC_SERVER_OK", "context":{"environment":"Prod_southindia_prod-s01-004-apac-southindia", "migrationStage":"NotStarted", "server":"akswtt0140000as"}}
{"logTime": "0801/090525", "correlationVector":"EXzGcayw2KT4H5fungjBQQ.2","action":"Commit Response", "result":"Success", "context":Result: Success. cV=EXzGcayw2KT4H5fungjBQQ.0;server=akswtt0140000as;cloudType=Consumer;environment=Prod_southindia_prod-s01-004-apac-southindia;migrationStage=NotStarted}
{"logTime": "0801/090618", "correlationVector":"2z76YD1I7TktumAPiyk+cw","action":"Commit Request", "result":"", "context":Item count: 6
Contributing types: Passwords, Sessions, History}
{"logTime": "0801/090618", "correlationVector":"2z76YD1I7TktumAPiyk+cw.1","action":"SyncServerConnectionManagerRequest", "result":"SYNC_SERVER_OK", "context":{"environment":"Prod_southindia_prod-s01-004-apac-southindia", "migrationStage":"NotStarted", "server":"akswtt0140000bz"}}
{"logTime": "0801/090618", "correlationVector":"2z76YD1I7TktumAPiyk+cw.2","action":"Commit Response", "result":"Success", "context":Result: Success. cV=2z76YD1I7TktumAPiyk+cw.0;server=akswtt0140000bz;cloudType=Consumer;environment=Prod_southindia_prod-s01-004-apac-southindia;migrationStage=NotStarted}
{"logTime": "0801/090729", "correlationVector":"VOjGeV4LiYR5pzKPYSsIoD","action":"Commit Request", "result":"", "context":Item count: 11
Contributing types: Sessions, History}
{"logTime": "0801/090730", "correlationVector":"VOjGeV4LiYR5pzKPYSsIoD.1","action":"SyncServerConnectionManagerRequest", "result":"SYNC_SERVER_OK", "context":{"environment":"Prod_southindia_prod-s01-004-apac-southindia", "migrationStage":"NotStarted", "server":"akswtt0140000as"}}
{"logTime": "0801/090730", "correlationVector":"VOjGeV4LiYR5pzKPYSsIoD.2","action":"Commit Response", "result":"Success", "context":Result: Success. cV=VOjGeV4LiYR5pzKPYSsIoD.0;server=akswtt0140000as;cloudType=Consumer;environment=Prod_southindia_prod-s01-004-apac-southindia;migrationStage=NotStarted}
{"logTime": "0801/090831", "correlationVector":"IKHieHN0fZVnjOKZshH82M","action":"Commit Request", "result":"", "context":Item count: 6
Contributing types: Sessions, History}
{"logTime": "0801/090832", "correlationVector":"IKHieHN0fZVnjOKZshH82M.1","action":"SyncServerConnectionManagerRequest", "result":"SYNC_SERVER_OK", "context":{"environment":"Prod_southindia_prod-s01-004-apac-southindia", "migrationStage":"NotStarted", "server":"akswtt0140000c0"}}
{"logTime": "0801/090832", "correlationVector":"IKHieHN0fZVnjOKZshH82M.2","action":"Commit Response", "result":"Success", "context":Result: Success. cV=IKHieHN0fZVnjOKZshH82M.0;server=akswtt0140000c0;cloudType=Consumer;environment=Prod_southindia_prod-s01-004-apac-southindia;migrationStage=NotStarted}
{"logTime": "0801/090942", "correlationVector":"qx7FiNUAcscK5Vl4dhH898","action":"Commit Request", "result":"", "context":Item count: 5
Contributing types: Sessions, History}
{"logTime": "0801/090943", "correlationVector":"qx7FiNUAcscK5Vl4dhH898.1","action":"SyncServerConnectionManagerRequest", "result":"SYNC_SERVER_OK", "context":{"environment":"Prod_southindia_prod-s01-004-apac-southindia", "migrationStage":"NotStarted", "server":"akswtt0140000a6"}}
{"logTime": "0801/090943", "correlationVector":"qx7FiNUAcscK5Vl4dhH898.2","action":"Commit Response", "result":"Success", "context":Result: Success. cV=qx7FiNUAcscK5Vl4dhH898.0;server=akswtt0140000a6;cloudType=Consumer;environment=Prod_southindia_prod-s01-004-apac-southindia;migrationStage=NotStarted}
{"logTime": "0801/091047", "correlationVector":"6cOeUtjrMhfVVZ4N7GGL/B","action":"Commit Request", "result":"", "context":Item count: 7
Contributing types: Sessions, History}
{"logTime": "0801/091048", "correlationVector":"6cOeUtjrMhfVVZ4N7GGL/B.1","action":"SyncServerConnectionManagerRequest", "result":"SYNC_SERVER_OK", "context":{"environment":"Prod_southindia_prod-s01-004-apac-southindia", "migrationStage":"NotStarted", "server":"akswtt0140000c0"}}
{"logTime": "0801/091048", "correlationVector":"6cOeUtjrMhfVVZ4N7GGL/B.2","action":"Commit Response", "result":"Success", "context":Result: Success. cV=6cOeUtjrMhfVVZ4N7GGL/B.0;server=akswtt0140000c0;cloudType=Consumer;environment=Prod_southindia_prod-s01-004-apac-southindia;migrationStage=NotStarted}
{"logTime": "0801/091205", "correlationVector":"Ige2DqwF/8WurR2uOGyf0e","action":"Commit Request", "result":"", "context":Item count: 8
Contributing types: Sessions, History}
{"logTime": "0801/091206", "correlationVector":"Ige2DqwF/8WurR2uOGyf0e.1","action":"SyncServerConnectionManagerRequest", "result":"SYNC_SERVER_OK", "context":{"environment":"Prod_southindia_prod-s01-004-apac-southindia", "migrationStage":"NotStarted", "server":"akswtt0140000a6"}}
{"logTime": "0801/091206", "correlationVector":"Ige2DqwF/8WurR2uOGyf0e.2","action":"Commit Response", "result":"Success", "context":Result: Success. cV=Ige2DqwF/8WurR2uOGyf0e.0;server=akswtt0140000a6;cloudType=Consumer;environment=Prod_southindia_prod-s01-004-apac-southindia;migrationStage=NotStarted}
{"logTime": "0801/091451", "correlationVector":"qcf0CyZ+iZE40I7Jw5C1wF","action":"Commit Request", "result":"", "context":Item count: 6
Contributing types: Sessions, History}
{"logTime": "0801/091452", "correlationVector":"qcf0CyZ+iZE40I7Jw5C1wF.1","action":"SyncServerConnectionManagerRequest", "result":"SYNC_SERVER_OK", "context":{"environment":"Prod_southindia_prod-s01-004-apac-southindia", "migrationStage":"NotStarted", "server":"akswtt01400009x"}}
{"logTime": "0801/091452", "correlationVector":"qcf0CyZ+iZE40I7Jw5C1wF.2","action":"Commit Response", "result":"Success", "context":Result: Success. cV=qcf0CyZ+iZE40I7Jw5C1wF.0;server=akswtt01400009x;cloudType=Consumer;environment=Prod_southindia_prod-s01-004-apac-southindia;migrationStage=NotStarted}
{"logTime": "0801/091747", "correlationVector":"/5otcqZAZfQxW+0astjBnj","action":"Commit Request", "result":"", "context":Item count: 3
Contributing types: Sessions, History}
{"logTime": "0801/091747", "correlationVector":"/5otcqZAZfQxW+0astjBnj.1","action":"SyncServerConnectionManagerRequest", "result":"SYNC_SERVER_OK", "context":{"environment":"Prod_southindia_prod-s01-004-apac-southindia", "migrationStage":"NotStarted", "server":"akswtt0140000br"}}
{"logTime": "0801/091747", "correlationVector":"/5otcqZAZfQxW+0astjBnj.2","action":"Commit Response", "result":"Success", "context":Result: Success. cV=/5otcqZAZfQxW+0astjBnj.0;server=akswtt0140000br;cloudType=Consumer;environment=Prod_southindia_prod-s01-004-apac-southindia;migrationStage=NotStarted}
{"logTime": "0801/094714", "correlationVector":"LL+gGOSIeYB/gUPYDEK0WD","action":"Commit Request", "result":"", "context":Item count: 1
Contributing types: Sessions}
{"logTime": "0801/094715", "correlationVector":"LL+gGOSIeYB/gUPYDEK0WD.1","action":"SyncServerConnectionManagerRequest", "result":"SYNC_SERVER_OK", "context":{"environment":"Prod_southindia_prod-s01-004-apac-southindia", "migrationStage":"NotStarted", "server":"akswtt01400009b"}}
{"logTime": "0801/094715", "correlationVector":"LL+gGOSIeYB/gUPYDEK0WD.2","action":"Commit Response", "result":"Success", "context":Result: Success. cV=LL+gGOSIeYB/gUPYDEK0WD.0;server=akswtt01400009b;cloudType=Consumer;environment=Prod_southindia_prod-s01-004-apac-southindia;migrationStage=NotStarted}
{"logTime": "0801/094946", "correlationVector":"MmGWtD0SHa/+3+4uUS3RdH","action":"Normal GetUpdate request", "result":"", "context":cV=MmGWtD0SHa/+3+4uUS3RdH
Notified types: Preferences, Passwords, Autofill, History}
{"logTime": "0801/094946", "correlationVector":"MmGWtD0SHa/+3+4uUS3RdH.1","action":"SyncServerConnectionManagerRequest", "result":"SYNC_SERVER_OK", "context":{"environment":"Prod_southindia_prod-s01-004-apac-southindia", "migrationStage":"NotStarted", "server":"akswtt0140000c5"}}
{"logTime": "0801/094946", "correlationVector":"MmGWtD0SHa/+3+4uUS3RdH.2","action":"ProcessGetUpdates", "result":"Done", "context":{"dataType":"Preferences", "deleted":"0", "process_failed_to_decrypt":"0", "process_pending_decryption":"0", "process_success":"1", "total":"1"}}
{"logTime": "0801/094946", "correlationVector":"MmGWtD0SHa/+3+4uUS3RdH.3","action":"ProcessGetUpdates", "result":"Done", "context":{"dataType":"Passwords", "deleted":"0", "process_failed_to_decrypt":"0", "process_pending_decryption":"0", "process_success":"2", "total":"2"}}
{"logTime": "0801/094946", "correlationVector":"MmGWtD0SHa/+3+4uUS3RdH.4","action":"ProcessGetUpdates", "result":"Done", "context":{"dataType":"Autofill", "deleted":"0", "process_failed_to_decrypt":"0", "process_pending_decryption":"0", "process_success":"1", "total":"1"}}
{"logTime": "0801/094946", "correlationVector":"MmGWtD0SHa/+3+4uUS3RdH.5","action":"ProcessGetUpdates", "result":"Done", "context":{"dataType":"Sessions", "deleted":"0", "process_failed_to_decrypt":"0", "process_pending_decryption":"0", "process_success":"3", "total":"3"}}
{"logTime": "0801/094946", "correlationVector":"MmGWtD0SHa/+3+4uUS3RdH.6","action":"ProcessGetUpdates", "result":"Done", "context":{"dataType":"Device Info", "deleted":"0", "process_failed_to_decrypt":"0", "process_pending_decryption":"0", "process_success":"1", "total":"1"}}
{"logTime": "0801/094946", "correlationVector":"MmGWtD0SHa/+3+4uUS3RdH.7","action":"ProcessGetUpdates", "result":"Done", "context":{"dataType":"History", "deleted":"0", "process_failed_to_decrypt":"0", "process_pending_decryption":"0", "process_success":"39", "total":"39"}}
{"logTime": "0801/094946", "correlationVector":"MmGWtD0SHa/+3+4uUS3RdH.8","action":"GetUpdates Response", "result":"Success", "context":Received 47 update(s). cV=MmGWtD0SHa/+3+4uUS3RdH.0;server=akswtt0140000c5;cloudType=Consumer;environment=Prod_southindia_prod-s01-004-apac-southindia;migrationStage=NotStarted}
