2025-08-01 09:05:17.864: [INFO][Sync] Reset engine, reason: 8
2025-08-01 09:05:17.864: [INFO][Sync] Stopped: Bookmarks
2025-08-01 09:05:17.864: [INFO][Sync] Stopped: Preferences
2025-08-01 09:05:17.864: [INFO][Sync] Stopped: Passwords
2025-08-01 09:05:17.864: [INFO][Sync] Stopped: Autofill Profiles
2025-08-01 09:05:17.864: [INFO][Sync] Stopped: Autofill
2025-08-01 09:05:17.864: [INFO][Sync] Stopped: Extensions
2025-08-01 09:05:17.864: [INFO][Sync] Stopped: Sessions
2025-08-01 09:05:17.864: [INFO][Sync] Stopped: Extension settings
2025-08-01 09:05:17.864: [INFO][Sync] Stopped: History Delete Directives
2025-08-01 09:05:17.864: [INFO][Sync] Stopped: Device Info
2025-08-01 09:05:17.864: [INFO][Sync] Stopped: User Consents
2025-08-01 09:05:17.864: [INFO][Sync] Stopped: Send Tab To Self
2025-08-01 09:05:17.864: [INFO][Sync] Stopped: Web Apps
2025-08-01 09:05:17.864: [INFO][Sync] Stopped: History
2025-08-01 09:05:17.864: [INFO][Sync] Stopped: Saved Tab Group
2025-08-01 09:05:17.864: [INFO][Sync] Stopped: WebAuthn Credentials
2025-08-01 09:05:17.864: [INFO][Sync] Stopped: Collection
2025-08-01 09:05:17.864: [INFO][Sync] Stopped: Edge E Drop
2025-08-01 09:05:17.864: [INFO][Sync] Stopped: Edge Hub App Usage
2025-08-01 09:05:17.864: [INFO][Sync] Stopped: Edge Wallet
2025-08-01 09:05:17.864: [INFO][Sync] SyncState after authenticated was: NotSignedIn
2025-08-01 09:05:18.088: [INFO][Sync] Reset engine, reason: 8
2025-08-01 09:05:18.088: [INFO][Sync] Stopped: Bookmarks
2025-08-01 09:05:18.088: [INFO][Sync] Stopped: Preferences
2025-08-01 09:05:18.088: [INFO][Sync] Stopped: Passwords
2025-08-01 09:05:18.088: [INFO][Sync] Stopped: Autofill Profiles
2025-08-01 09:05:18.088: [INFO][Sync] Stopped: Autofill
2025-08-01 09:05:18.088: [INFO][Sync] Stopped: Extensions
2025-08-01 09:05:18.088: [INFO][Sync] Stopped: Sessions
2025-08-01 09:05:18.088: [INFO][Sync] Stopped: Extension settings
2025-08-01 09:05:18.088: [INFO][Sync] Stopped: History Delete Directives
2025-08-01 09:05:18.088: [INFO][Sync] Stopped: Device Info
2025-08-01 09:05:18.088: [INFO][Sync] Stopped: User Consents
2025-08-01 09:05:18.088: [INFO][Sync] Stopped: Send Tab To Self
2025-08-01 09:05:18.088: [INFO][Sync] Stopped: Web Apps
2025-08-01 09:05:18.088: [INFO][Sync] Stopped: History
2025-08-01 09:05:18.088: [INFO][Sync] Stopped: Saved Tab Group
2025-08-01 09:05:18.088: [INFO][Sync] Stopped: WebAuthn Credentials
2025-08-01 09:05:18.088: [INFO][Sync] Stopped: Collection
2025-08-01 09:05:18.088: [INFO][Sync] Stopped: Edge E Drop
2025-08-01 09:05:18.088: [INFO][Sync] Stopped: Edge Hub App Usage
2025-08-01 09:05:18.088: [INFO][Sync] Stopped: Edge Wallet
2025-08-01 09:05:19.452: [INFO][Sync] Try to start sync engine
2025-08-01 09:05:19.453: [INFO][SyncManagerImpl::NudgeForInitialDownload] Initial download nudge for Encryption Keys
2025-08-01 09:05:19.453: [INFO][SyncEngineBackend::LoadAndConnectNigoriController] Load and connect Nigori controller
2025-08-01 09:05:19.453: [INFO][SyncEngineBackend::DoInitialize] Control Types added: Encryption Keys
2025-08-01 09:05:19.453: [INFO][SyncManagerImpl::ConfigureSyncer] Types to download: Encryption Keys with reason: 3
2025-08-01 09:05:19.454: [INFO][SyncSchedulerImpl::DoConfigurationSyncCycleJob] Configure job was blocked
2025-08-01 09:05:19.518: [INFO][SyncAuthManager::SetLastAuthError] Current auth error: None
2025-08-01 09:05:19.518: [INFO][SyncAuthManager::EdgeLogTokenErrorState] Token error with: None for account type: MSA
2025-08-01 09:05:19.518: [INFO][Sync] Credentials changed for: EdgeSyncScopeNew
2025-08-01 09:05:20.598: [INFO][SyncAuthManager::SetLastAuthError] Current auth error: None
2025-08-01 09:05:20.598: [INFO][SyncAuthManager::EdgeLogTokenErrorState] Token error with: None for account type: MSA
2025-08-01 09:05:20.598: [INFO][Sync] Credentials changed for: EdgeSyncKeyDataScope
2025-08-01 09:05:20.598: [INFO][SyncEngineBackend::DoUpdateKeyDataCredentials] Update key data credentials
2025-08-01 09:05:20.598: [INFO][SyncEngineBackend::DoUpdateCredentials] Update credentials
2025-08-01 09:05:20.598: [INFO][SyncSchedulerImpl::DoConfigurationSyncCycleJob] Blocked types:  and types to download: Encryption Keys
2025-08-01 09:05:21.701: [INFO][Sync] Started DataTypeManager configuration, reason: 4
2025-08-01 09:05:21.701: [INFO][Sync] Configuring for: Bookmarks, Preferences, Passwords, Autofill Profiles, Autofill, Extensions, Sessions, Extension settings, History Delete Directives, Device Info, User Consents, Send Tab To Self, Web Apps, History, Saved Tab Group, WebAuthn Credentials, Collection, Edge E Drop, Edge Hub App Usage, Edge Wallet, Encryption Keys, reason: 3, current state: 0
2025-08-01 09:05:21.701: [WARN][Sync] Crypto error data types: Passwords, Autofill Profiles, Autofill
2025-08-01 09:05:21.703: [INFO][Sync] Configure, desired: Bookmarks, Preferences, Extensions, Sessions, Extension settings, History Delete Directives, Device Info, User Consents, Send Tab To Self, Web Apps, History, Saved Tab Group, WebAuthn Credentials, Collection, Edge E Drop, Edge Hub App Usage, Edge Wallet, Encryption Keys; Allow fail: Passwords, Autofill Profiles, Autofill
2025-08-01 09:05:21.703: [INFO][Sync] Loading: Bookmarks
2025-08-01 09:05:21.703: [INFO][Sync] Loading: Preferences
2025-08-01 09:05:21.703: [INFO][Sync] Loading: Extensions
2025-08-01 09:05:21.703: [INFO][Sync] Loading: Sessions
2025-08-01 09:05:21.703: [INFO][Sync] Loading: Extension settings
2025-08-01 09:05:21.703: [INFO][Sync] Loading: History Delete Directives
2025-08-01 09:05:21.703: [INFO][Sync] Loading: Device Info
2025-08-01 09:05:21.703: [INFO][Sync] Loading: User Consents
2025-08-01 09:05:21.703: [INFO][Sync] Loading: Send Tab To Self
2025-08-01 09:05:21.703: [INFO][Sync] Loading: Web Apps
2025-08-01 09:05:21.703: [INFO][Sync] Loading: History
2025-08-01 09:05:21.703: [INFO][Sync] Loading: Saved Tab Group
2025-08-01 09:05:21.703: [INFO][Sync] Loading: WebAuthn Credentials
2025-08-01 09:05:21.703: [INFO][Sync] Loading: Collection
2025-08-01 09:05:21.703: [INFO][Sync] Loading: Edge E Drop
2025-08-01 09:05:21.703: [INFO][Sync] Loading: Edge Hub App Usage
2025-08-01 09:05:21.703: [INFO][Sync] Loading: Edge Wallet
2025-08-01 09:05:21.705: [INFO][Sync] All data types are ready for configure.
2025-08-01 09:05:22.365: [INFO][Sync] Started DataTypeManager configuration, reason: 5
2025-08-01 09:05:22.365: [INFO][Sync] Configuring for: Bookmarks, Preferences, Passwords, Autofill Profiles, Autofill, Extensions, Sessions, Extension settings, History Delete Directives, Device Info, User Consents, Send Tab To Self, Web Apps, History, Saved Tab Group, WebAuthn Credentials, Collection, Edge E Drop, Edge Hub App Usage, Edge Wallet, Encryption Keys, reason: 5, current state: 1
2025-08-01 09:05:22.368: [INFO][SyncEngineBackend::DoStartConfiguration] Start configuration
2025-08-01 09:05:22.368: [INFO][SyncManagerImpl::NudgeForInitialDownload] Initial download nudge for Bookmarks
2025-08-01 09:05:22.368: [INFO][SyncManagerImpl::NudgeForInitialDownload] Initial download nudge for Preferences
2025-08-01 09:05:22.368: [INFO][SyncManagerImpl::NudgeForInitialDownload] Initial download nudge for Extensions
2025-08-01 09:05:22.368: [INFO][SyncManagerImpl::NudgeForInitialDownload] Initial download nudge for Sessions
2025-08-01 09:05:22.368: [INFO][SyncManagerImpl::NudgeForInitialDownload] Initial download nudge for Extension settings
2025-08-01 09:05:22.368: [INFO][SyncManagerImpl::NudgeForInitialDownload] Initial download nudge for History Delete Directives
2025-08-01 09:05:22.368: [INFO][SyncManagerImpl::NudgeForInitialDownload] Initial download nudge for Device Info
2025-08-01 09:05:22.368: [INFO][SyncManagerImpl::NudgeForInitialDownload] Initial download nudge for Send Tab To Self
2025-08-01 09:05:22.368: [INFO][SyncManagerImpl::NudgeForInitialDownload] Initial download nudge for Web Apps
2025-08-01 09:05:22.368: [INFO][SyncManagerImpl::NudgeForInitialDownload] Initial download nudge for History
2025-08-01 09:05:22.368: [INFO][SyncManagerImpl::NudgeForInitialDownload] Initial download nudge for Saved Tab Group
2025-08-01 09:05:22.368: [INFO][SyncManagerImpl::NudgeForInitialDownload] Initial download nudge for WebAuthn Credentials
2025-08-01 09:05:22.368: [INFO][SyncManagerImpl::NudgeForInitialDownload] Initial download nudge for Collection
2025-08-01 09:05:22.368: [INFO][SyncManagerImpl::NudgeForInitialDownload] Initial download nudge for Edge E Drop
2025-08-01 09:05:22.368: [INFO][SyncManagerImpl::NudgeForInitialDownload] Initial download nudge for Edge Hub App Usage
2025-08-01 09:05:22.368: [INFO][SyncManagerImpl::NudgeForInitialDownload] Initial download nudge for Edge Wallet
2025-08-01 09:05:22.368: [INFO][SyncManagerImpl::ConfigureSyncer] Types to download:  with reason: 3
2025-08-01 09:05:22.368: [INFO][SyncEngineBackend::DoFinishConfigureDataTypes] Failed to download types:  and succeeded types: 
2025-08-01 09:05:22.368: [INFO][Sync] ConfigurationDone, failed: , succeeded: , remaining count: 4
2025-08-01 09:05:22.368: [WARN][Sync]     Reconfigure requested while configuration ongoing.
2025-08-01 09:05:22.368: [INFO][Sync] Configuring for: Bookmarks, Preferences, Passwords, Autofill Profiles, Autofill, Extensions, Sessions, Extension settings, History Delete Directives, Device Info, User Consents, Send Tab To Self, Web Apps, History, Saved Tab Group, WebAuthn Credentials, Collection, Edge E Drop, Edge Hub App Usage, Edge Wallet, Encryption Keys, reason: 5, current state: 2
2025-08-01 09:05:22.368: [INFO][Sync] Configure, desired: Bookmarks, Preferences, Passwords, Autofill Profiles, Autofill, Extensions, Sessions, Extension settings, History Delete Directives, Device Info, User Consents, Send Tab To Self, Web Apps, History, Saved Tab Group, WebAuthn Credentials, Collection, Edge E Drop, Edge Hub App Usage, Edge Wallet, Encryption Keys; Allow fail: 
2025-08-01 09:05:22.368: [INFO][Sync] Loading: Passwords
2025-08-01 09:05:22.368: [INFO][Sync] Loading: Autofill Profiles
2025-08-01 09:05:22.368: [INFO][Sync] Loading: Autofill
2025-08-01 09:05:22.369: [INFO][Sync] All data types are ready for configure.
2025-08-01 09:05:22.369: [INFO][SyncManagerImpl::NudgeForInitialDownload] Initial download nudge for Passwords
2025-08-01 09:05:22.369: [INFO][SyncManagerImpl::NudgeForInitialDownload] Initial download nudge for Autofill Profiles
2025-08-01 09:05:22.369: [INFO][SyncManagerImpl::NudgeForInitialDownload] Initial download nudge for Autofill
2025-08-01 09:05:22.369: [INFO][SyncManagerImpl::ConfigureSyncer] Types to download:  with reason: 5
2025-08-01 09:05:22.369: [INFO][SyncEngineBackend::DoFinishConfigureDataTypes] Failed to download types:  and succeeded types: 
2025-08-01 09:05:22.369: [INFO][Sync] ConfigurationDone, failed: , succeeded: , remaining count: 4
2025-08-01 09:05:22.369: [INFO][Sync] Prepare to configure types: Preferences, Passwords, Device Info, Send Tab To Self, Edge E Drop, Encryption Keys
2025-08-01 09:05:22.369: [INFO][SyncManagerImpl::ConfigureSyncer] Types to download: Preferences, Passwords, Device Info, Send Tab To Self, Edge E Drop, Encryption Keys with reason: 5
2025-08-01 09:05:22.369: [INFO][SyncSchedulerImpl::DoConfigurationSyncCycleJob] Blocked types:  and types to download: Preferences, Passwords, Device Info, Send Tab To Self, Edge E Drop, Encryption Keys
2025-08-01 09:05:22.824: [INFO][SyncEngineBackend::DoFinishConfigureDataTypes] Failed to download types:  and succeeded types: Preferences, Passwords, Device Info, Send Tab To Self, Edge E Drop, Encryption Keys
2025-08-01 09:05:22.826: [INFO][Sync] ConfigurationDone, failed: , succeeded: Preferences, Passwords, Device Info, Send Tab To Self, Edge E Drop, Encryption Keys, remaining count: 3
2025-08-01 09:05:22.826: [INFO][Sync] Prepare to configure types: Bookmarks, Encryption Keys
2025-08-01 09:05:22.826: [INFO][SyncManagerImpl::ConfigureSyncer] Types to download: Bookmarks, Encryption Keys with reason: 5
2025-08-01 09:05:22.826: [INFO][SyncSchedulerImpl::DoConfigurationSyncCycleJob] Blocked types:  and types to download: Bookmarks, Encryption Keys
2025-08-01 09:05:23.165: [INFO][SyncEngineBackend::DoFinishConfigureDataTypes] Failed to download types:  and succeeded types: Bookmarks, Encryption Keys
2025-08-01 09:05:23.167: [INFO][Sync] ConfigurationDone, failed: , succeeded: Bookmarks, Encryption Keys, remaining count: 2
2025-08-01 09:05:23.167: [INFO][Sync] Prepare to configure types: Autofill Profiles, Autofill, Extensions, Sessions, Extension settings, History Delete Directives, Web Apps, Saved Tab Group, WebAuthn Credentials, Collection, Edge Hub App Usage, Edge Wallet, Encryption Keys
2025-08-01 09:05:23.167: [INFO][SyncManagerImpl::ConfigureSyncer] Types to download: Autofill Profiles, Autofill, Extensions, Sessions, Extension settings, History Delete Directives, Web Apps, Saved Tab Group, WebAuthn Credentials, Collection, Edge Hub App Usage, Edge Wallet, Encryption Keys with reason: 5
2025-08-01 09:05:23.167: [INFO][SyncSchedulerImpl::DoConfigurationSyncCycleJob] Blocked types:  and types to download: Autofill Profiles, Autofill, Extensions, Sessions, Extension settings, History Delete Directives, Web Apps, Saved Tab Group, WebAuthn Credentials, Collection, Edge Hub App Usage, Edge Wallet, Encryption Keys
2025-08-01 09:05:23.516: [INFO][SyncEngineBackend::DoFinishConfigureDataTypes] Failed to download types:  and succeeded types: Autofill Profiles, Autofill, Extensions, Sessions, Extension settings, History Delete Directives, Web Apps, Saved Tab Group, WebAuthn Credentials, Collection, Edge Hub App Usage, Edge Wallet, Encryption Keys
2025-08-01 09:05:23.518: [INFO][Sync] ConfigurationDone, failed: , succeeded: Autofill Profiles, Autofill, Extensions, Sessions, Extension settings, History Delete Directives, Web Apps, Saved Tab Group, WebAuthn Credentials, Collection, Edge Hub App Usage, Edge Wallet, Encryption Keys, remaining count: 1
2025-08-01 09:05:23.519: [INFO][Sync] Prepare to configure types: History, Encryption Keys
2025-08-01 09:05:23.519: [INFO][SyncManagerImpl::ConfigureSyncer] Types to download: History, Encryption Keys with reason: 5
2025-08-01 09:05:23.519: [INFO][SyncSchedulerImpl::DoConfigurationSyncCycleJob] Blocked types:  and types to download: History, Encryption Keys
2025-08-01 09:05:23.914: [INFO][SyncEngineBackend::DoFinishConfigureDataTypes] Failed to download types:  and succeeded types: History, Encryption Keys
2025-08-01 09:05:23.915: [INFO][Sync] ConfigurationDone, failed: , succeeded: History, Encryption Keys, remaining count: 0
2025-08-01 09:05:23.916: [INFO][Sync]     Configuration completed, state: 7
2025-08-01 09:05:23.917: [INFO][Sync] Configured DataTypeManager: Ok
2025-08-01 09:05:23.918: [INFO][SyncEngineBackend::DoStartSyncing] Start syncing
2025-08-01 10:28:22.212: [INFO][Sync] Reset engine, reason: 0
2025-08-01 10:28:22.212: [INFO][Sync] Reset engine with reason: 0
2025-08-03 14:09:22.896: [INFO][Sync] SyncState after authenticated was: FeatureCanStart
2025-08-03 14:09:23.127: [INFO][Sync] Try to start sync engine
2025-08-03 14:09:23.128: [INFO][SyncManagerImpl::NudgeForInitialDownload] Initial download nudge for Encryption Keys
2025-08-03 14:09:23.128: [INFO][SyncEngineBackend::LoadAndConnectNigoriController] Load and connect Nigori controller
2025-08-03 14:09:23.128: [INFO][SyncEngineBackend::DoInitialize] Control Types added: Encryption Keys
2025-08-03 14:09:23.128: [INFO][SyncManagerImpl::ConfigureSyncer] Types to download: Encryption Keys with reason: 3
2025-08-03 14:09:23.128: [INFO][SyncSchedulerImpl::DoConfigurationSyncCycleJob] Configure job was blocked
2025-08-03 14:09:53.037: [INFO][SyncAuthManager::EdgeLogTokenErrorState] Token error with: The request runs exceeded the set maximum duration. for account type: MSA
2025-08-03 14:09:53.037: [INFO][Sync] Credentials changed for: EdgeSyncKeyDataScope
2025-08-03 14:09:53.129: [INFO][SyncAuthManager::EdgeLogTokenErrorState] Token error with: The request runs exceeded the set maximum duration. for account type: MSA
2025-08-03 14:09:53.129: [INFO][Sync] Credentials changed for: EdgeSyncScopeNew
2025-08-03 14:09:53.129: [WARN][Sync]    Token is empty
2025-08-03 14:09:53.130: [INFO][Sync] Connection status changed to: 2
2025-08-03 14:10:23.044: [INFO][SyncAuthManager::EdgeLogTokenErrorState] Token error with: The request runs exceeded the set maximum duration. for account type: MSA
2025-08-03 14:10:23.044: [INFO][Sync] Credentials changed for: EdgeSyncKeyDataScope
2025-08-03 14:10:23.140: [INFO][SyncAuthManager::EdgeLogTokenErrorState] Token error with: The request runs exceeded the set maximum duration. for account type: MSA
2025-08-03 14:10:23.140: [INFO][Sync] Credentials changed for: EdgeSyncScopeNew
2025-08-03 14:10:23.140: [WARN][Sync]    Token is empty
2025-08-03 14:10:23.142: [INFO][Sync] Connection status changed to: 2
2025-08-03 14:10:54.880: [INFO][SyncAuthManager::EdgeLogTokenErrorState] Token error with: The request runs exceeded the set maximum duration. for account type: MSA
2025-08-03 14:10:54.880: [INFO][Sync] Credentials changed for: EdgeSyncKeyDataScope
2025-08-03 14:10:55.040: [INFO][SyncAuthManager::EdgeLogTokenErrorState] Token error with: The request runs exceeded the set maximum duration. for account type: MSA
2025-08-03 14:10:55.040: [INFO][Sync] Credentials changed for: EdgeSyncScopeNew
2025-08-03 14:10:55.040: [WARN][Sync]    Token is empty
2025-08-03 14:10:55.042: [INFO][Sync] Connection status changed to: 2
2025-08-03 14:11:28.292: [INFO][SyncAuthManager::EdgeLogTokenErrorState] Token error with: The request runs exceeded the set maximum duration. for account type: MSA
2025-08-03 14:11:28.292: [INFO][Sync] Credentials changed for: EdgeSyncKeyDataScope
2025-08-03 14:11:28.609: [INFO][SyncAuthManager::EdgeLogTokenErrorState] Token error with: The request runs exceeded the set maximum duration. for account type: MSA
2025-08-03 14:11:28.609: [INFO][Sync] Credentials changed for: EdgeSyncScopeNew
2025-08-03 14:11:28.609: [WARN][Sync]    Token is empty
2025-08-03 14:11:28.610: [INFO][Sync] Connection status changed to: 2
2025-08-03 14:12:06.183: [INFO][SyncAuthManager::EdgeLogTokenErrorState] Token error with: The request runs exceeded the set maximum duration. for account type: MSA
2025-08-03 14:12:06.183: [INFO][Sync] Credentials changed for: EdgeSyncKeyDataScope
2025-08-03 14:12:06.193: [INFO][SyncAuthManager::EdgeLogTokenErrorState] Token error with: The request runs exceeded the set maximum duration. for account type: MSA
2025-08-03 14:12:06.193: [INFO][Sync] Credentials changed for: EdgeSyncScopeNew
2025-08-03 14:12:06.193: [WARN][Sync]    Token is empty
2025-08-03 14:12:06.196: [INFO][Sync] Connection status changed to: 2
2025-08-03 14:12:49.603: [INFO][SyncAuthManager::EdgeLogTokenErrorState] Token error with: The request runs exceeded the set maximum duration. for account type: MSA
2025-08-03 14:12:49.603: [INFO][Sync] Credentials changed for: EdgeSyncKeyDataScope
2025-08-03 14:12:52.028: [INFO][SyncAuthManager::EdgeLogTokenErrorState] Token error with: The request runs exceeded the set maximum duration. for account type: MSA
2025-08-03 14:12:52.028: [INFO][Sync] Credentials changed for: EdgeSyncScopeNew
2025-08-03 14:12:52.028: [WARN][Sync]    Token is empty
2025-08-03 14:12:52.029: [INFO][Sync] Connection status changed to: 2
2025-08-03 14:13:47.618: [INFO][SyncAuthManager::EdgeLogTokenErrorState] Token error with: The request runs exceeded the set maximum duration. for account type: MSA
2025-08-03 14:13:47.618: [INFO][Sync] Credentials changed for: EdgeSyncKeyDataScope
2025-08-03 14:13:51.432: [INFO][SyncAuthManager::EdgeLogTokenErrorState] Token error with: EDGE_AUTH_ERROR: 3, 13, 800704cf for account type: MSA
2025-08-03 14:13:51.432: [INFO][Sync] Credentials changed for: EdgeSyncScopeNew
2025-08-03 14:13:51.432: [WARN][Sync]    Token is empty
2025-08-03 14:13:51.433: [INFO][Sync] Connection status changed to: 2
2025-08-03 14:15:11.171: [INFO][SyncAuthManager::EdgeLogTokenErrorState] Token error with: The request runs exceeded the set maximum duration. for account type: MSA
2025-08-03 14:15:11.171: [INFO][Sync] Credentials changed for: EdgeSyncKeyDataScope
2025-08-03 14:15:23.870: [INFO][SyncAuthManager::EdgeLogTokenErrorState] Token error with: The request runs exceeded the set maximum duration. for account type: MSA
2025-08-03 14:15:23.871: [INFO][Sync] Credentials changed for: EdgeSyncScopeNew
2025-08-03 14:15:23.871: [WARN][Sync]    Token is empty
2025-08-03 14:15:23.873: [INFO][Sync] Connection status changed to: 2
2025-08-03 14:17:24.528: [INFO][SyncAuthManager::EdgeLogTokenErrorState] Token error with: The request runs exceeded the set maximum duration. for account type: MSA
2025-08-03 14:17:24.528: [INFO][Sync] Credentials changed for: EdgeSyncKeyDataScope
2025-08-03 14:17:55.153: [INFO][SyncAuthManager::EdgeLogTokenErrorState] Token error with: The request runs exceeded the set maximum duration. for account type: MSA
2025-08-03 14:17:55.153: [INFO][Sync] Credentials changed for: EdgeSyncScopeNew
2025-08-03 14:17:55.153: [WARN][Sync]    Token is empty
2025-08-03 14:17:55.157: [INFO][Sync] Connection status changed to: 2
2025-08-03 14:21:36.630: [INFO][SyncAuthManager::EdgeLogTokenErrorState] Token error with: The request runs exceeded the set maximum duration. for account type: MSA
2025-08-03 14:21:36.630: [INFO][Sync] Credentials changed for: EdgeSyncKeyDataScope
2025-08-03 14:21:53.924: [INFO][SyncAuthManager::EdgeLogTokenErrorState] Token error with: EDGE_AUTH_ERROR: 3, 13, 800704cf for account type: MSA
2025-08-03 14:21:53.924: [INFO][Sync] Credentials changed for: EdgeSyncScopeNew
2025-08-03 14:21:53.924: [WARN][Sync]    Token is empty
2025-08-03 14:21:53.926: [INFO][Sync] Connection status changed to: 2
2025-08-03 14:29:00.259: [INFO][SyncAuthManager::EdgeLogTokenErrorState] Token error with: The request runs exceeded the set maximum duration. for account type: MSA
2025-08-03 14:29:00.259: [INFO][Sync] Credentials changed for: EdgeSyncKeyDataScope
2025-08-03 14:29:32.179: [INFO][SyncAuthManager::EdgeLogTokenErrorState] Token error with: The request runs exceeded the set maximum duration. for account type: MSA
2025-08-03 14:29:32.179: [INFO][Sync] Credentials changed for: EdgeSyncScopeNew
2025-08-03 14:29:32.179: [WARN][Sync]    Token is empty
2025-08-03 14:29:32.182: [INFO][Sync] Connection status changed to: 2
2025-08-03 14:45:45.344: [INFO][SyncAuthManager::EdgeLogTokenErrorState] Token error with: The request runs exceeded the set maximum duration. for account type: MSA
2025-08-03 14:45:45.344: [INFO][Sync] Credentials changed for: EdgeSyncKeyDataScope
2025-08-03 14:46:44.811: [INFO][SyncAuthManager::EdgeLogTokenErrorState] Token error with: The request runs exceeded the set maximum duration. for account type: MSA
2025-08-03 14:46:44.811: [INFO][Sync] Credentials changed for: EdgeSyncScopeNew
2025-08-03 14:46:44.811: [WARN][Sync]    Token is empty
2025-08-03 14:46:44.812: [INFO][Sync] Connection status changed to: 2
2025-08-03 15:17:00.241: [INFO][SyncAuthManager::EdgeLogTokenErrorState] Token error with: The request runs exceeded the set maximum duration. for account type: MSA
2025-08-03 15:17:00.241: [INFO][Sync] Credentials changed for: EdgeSyncScopeNew
2025-08-03 15:17:00.241: [WARN][Sync]    Token is empty
2025-08-03 15:17:00.244: [INFO][Sync] Connection status changed to: 2
2025-08-03 15:17:05.828: [INFO][SyncAuthManager::EdgeLogTokenErrorState] Token error with: The request runs exceeded the set maximum duration. for account type: MSA
2025-08-03 15:17:05.828: [INFO][Sync] Credentials changed for: EdgeSyncKeyDataScope
2025-08-03 15:23:52.032: [INFO][Sync] Reset engine, reason: 0
2025-08-03 15:23:52.032: [INFO][Sync] Reset engine with reason: 0
